ERC report (2026-01-26T15:55:16+1100, Encoding UTF8)

***** Sheet /
[wire_dangling]: Wires not connected to anything
    ; error
    @(800 mils, 1400 mils): Vertical Wire, length 800 mils
[wire_dangling]: Wires not connected to anything
    ; error
    @(800 mils, 1500 mils): Horizontal Wire, length 550 mils
[wire_dangling]: Wires not connected to anything
    ; error
    @(2200 mils, 1500 mils): Vertical Wire, length 300 mils
    @(1900 mils, 1500 mils): Vertical Wire, length 250 mils
[wire_dangling]: Wires not connected to anything
    ; error
    @(1900 mils, 2050 mils): Vertical Wire, length 150 mils
[wire_dangling]: Wires not connected to anything
    ; error
    @(2200 mils, 2000 mils): Vertical Wire, length 200 mils
[unconnected_wire_endpoint]: Unconnected wire endpoint
    ; warning
    @(800 mils, 1400 mils): Vertical Wire, length 800 mils
[unconnected_wire_endpoint]: Unconnected wire endpoint
    ; warning
    @(800 mils, 1500 mils): Horizontal Wire, length 550 mils
[unconnected_wire_endpoint]: Unconnected wire endpoint
    ; warning
    @(800 mils, 1500 mils): Horizontal Wire, length 550 mils
[unconnected_wire_endpoint]: Unconnected wire endpoint
    ; warning
    @(1650 mils, 1500 mils): Horizontal Wire, length 250 mils
[unconnected_wire_endpoint]: Unconnected wire endpoint
    ; warning
    @(800 mils, 1400 mils): Vertical Wire, length 800 mils
[unconnected_wire_endpoint]: Unconnected wire endpoint
    ; warning
    @(1900 mils, 1500 mils): Vertical Wire, length 250 mils
[unconnected_wire_endpoint]: Unconnected wire endpoint
    ; warning
    @(1900 mils, 2050 mils): Vertical Wire, length 150 mils
[unconnected_wire_endpoint]: Unconnected wire endpoint
    ; warning
    @(2200 mils, 1500 mils): Vertical Wire, length 300 mils
[unconnected_wire_endpoint]: Unconnected wire endpoint
    ; warning
    @(2200 mils, 1500 mils): Horizontal Wire, length 250 mils
[unconnected_wire_endpoint]: Unconnected wire endpoint
    ; warning
    @(1900 mils, 2050 mils): Vertical Wire, length 150 mils
[unconnected_wire_endpoint]: Unconnected wire endpoint
    ; warning
    @(2200 mils, 2000 mils): Vertical Wire, length 200 mils
[unconnected_wire_endpoint]: Unconnected wire endpoint
    ; warning
    @(2200 mils, 2000 mils): Vertical Wire, length 200 mils
[unconnected_wire_endpoint]: Unconnected wire endpoint
    ; warning
    @(2750 mils, 1500 mils): Horizontal Wire, length 250 mils
[global_label_dangling]: Global label not connected anywhere else in the schematic
    ; warning
    @(3000 mils, 1500 mils): Global Label 'MCU_TPS_A0'

 ** ERC messages: 19  Errors 5  Warnings 14
